11:17:03 **** Incremental Build of configuration Debug for project wavegen_config ****
make pre-build main-build 
a9-linaro-pre-build-step
 
Building file: ../src/main.c
Invoking: ARM v7 gcc compiler
arm-none-eabi-gcc -Wall -O0 -g3 -c -fmessage-length=0 -MT"src/main.o" -mcpu=cortex-a9 -mfpu=vfpv3 -mfloat-abi=hard -I../../wavegen_config_bsp/ps7_cortexa9_0/include -MMD -MP -MF"src/main.d" -MT"src/main.o" -o "src/main.o" "../src/main.c"
Finished building: ../src/main.c
 
Building target: wavegen_config.elf
Invoking: ARM v7 gcc linker
arm-none-eabi-gcc -mcpu=cortex-a9 -mfpu=vfpv3 -mfloat-abi=hard -Wl,-build-id=none -specs=Xilinx.spec -Wl,-T -Wl,../src/lscript.ld -L../../wavegen_config_bsp/ps7_cortexa9_0/lib -o "wavegen_config.elf" ./src/main.o   -Wl,--start-group,-lxil,-lgcc,-lc,--end-group
Finished building target: wavegen_config.elf
 
Invoking: ARM v7 Print Size
arm-none-eabi-size wavegen_config.elf  |tee "wavegen_config.elf.size"
   text	   data	    bss	    dec	    hex	filename
  19324	   1144	  22568	  43036	   a81c	wavegen_config.elf
Finished building: wavegen_config.elf.size
 

11:17:03 Build Finished (took 162ms)

